../Drivers/CMSIS/Include/core_cm4.h:2059:26:ITM_SendChar	16	static,ignoring_inline_asm
../Core/Src/main.c:121:5:_write	32	static
../Core/Src/main.c:140:6:HAL_CAN_RxFifo0MsgPendingCallback	16	static
../Core/Src/main.c:154:5:main	8	static
../Core/Src/main.c:361:6:SystemClock_Config	96	static
../Core/Src/main.c:410:13:MX_ADC1_Init	32	static
../Core/Src/main.c:468:13:MX_CAN1_Init	48	static
../Core/Src/main.c:519:13:MX_TIM1_Init	112	static
../Core/Src/main.c:599:13:MX_TIM2_Init	40	static
../Core/Src/main.c:644:13:MX_USART1_UART_Init	8	static
../Core/Src/main.c:679:13:MX_GPIO_Init	48	static
../Core/Src/main.c:760:6:can_rx_task	16	static
../Core/Src/main.c:783:6:can_tx_task	16	static
../Core/Src/main.c:821:6:led_task	16	static
../Core/Src/main.c:835:6:PeriodicTimerCallback	16	static
../Core/Src/main.c:843:6:stepper1TimerCallback	24	static
../Core/Src/main.c:869:6:HAL_TIM_PeriodElapsedCallback	16	static
../Core/Src/main.c:886:6:Error_Handler	4	static,ignoring_inline_asm
