../Drivers/CMSIS/Include/core_cm4.h:2059:26:ITM_SendChar	16	static,ignoring_inline_asm
../Core/Src/main.c:69:5:_write	32	static
../Core/Src/main.c:85:6:HAL_CAN_RxFifo0MsgPendingCallback	16	static
../Core/Src/main.c:95:5:main	72	static
../Core/Src/main.c:244:6:SystemClock_Config	96	static
../Core/Src/main.c:295:13:MX_ADC1_Init	32	static
../Core/Src/main.c:353:13:MX_CAN1_Init	48	static
../Core/Src/main.c:404:13:MX_TIM1_Init	112	static
../Core/Src/main.c:484:13:MX_TIM2_Init	40	static
../Core/Src/main.c:529:13:MX_USART1_UART_Init	8	static
../Core/Src/main.c:564:13:MX_GPIO_Init	48	static
../Core/Src/main.c:642:6:Error_Handler	4	static,ignoring_inline_asm
